// Jest Snapshot v1, https://goo.gl/fbAQLP

exports[`Button should be matched with snapshot 1`] = `
<button
  className="btn"
>
  Button
</button>
`;
