// Jest Snapshot v1, https://goo.gl/fbAQLP

exports[`Header should be matched with snapshot 1`] = `
<header>
  <HeaderTitle
    title="오늘 뭐 입지?"
  />
  <HeaderFilter
    filter="products"
    onClick={[MockFunction]}
  />
</header>
`;
