// Jest Snapshot v1, https://goo.gl/fbAQLP

exports[`HeaderFilter should be matched with snapshot 1`] = `
<div
  className="header-filter"
>
  <MyLink
    active={true}
    to="/products"
  >
    상품
  </MyLink>
  <MyLink
    active={false}
    to="/ranks"
  >
    랭킹
  </MyLink>
</div>
`;
